[03:35:45] v2_r19_depth_state: running missing seed 2
[03:37:37] v2_r19_depth_state: held-out on seeds [5, 6, 7]
[03:42:27] incumbent v2_r19_depth_state: F=1.498±0.160 on seeds [0, 1, 2], held-out 1.560; tau=0.160
[03:42:27] round 21 v2_r21_lr4e3 [recipe]: RECIPE on the incumbent: lr 4e-3 was +0.057 in v1 under a wide tau; retest under 3 seeds
[03:47:14]   F=1.865±0.368  d=+0.367 vs tau=0.160  (recall 0.29 track 0.88 compose 0.37 S 1.724)
[03:47:14] v2_r21_lr4e3: held-out on seeds [5, 6, 7]
[03:52:04]   candidate above tau; held-out 1.806±0.215 vs incumbent held-out 1.560  (d=+0.246)
[03:52:04]   PROMOTED. new tau=0.368
[03:52:04] round 22 v2_r22_heads4 [state]: Thm 5.12: RECALL is the weak task and the one attention layer has 2 heads; give it 4
[03:56:56]   F=1.865±0.399  d=+0.001 vs tau=0.368  (recall 0.29 track 0.85 compose 0.40 S 1.701)
[03:56:56] round 23 v2_r23_interleave [state]: two recall layers interleaved with two mixing layers; r08 lost TRACK with attn first, so mixing stays first
[04:00:57]   F=1.713±0.292  d=-0.151 vs tau=0.368  (recall 0.28 track 0.85 compose 0.29 S 1.677)
[04:00:57] round 24 v2_r24_overwrite_2slots [time]: loops have lost at 4 slots; the cheapest possible loop -- one pass over two slots -- to see whether the cost is the loop or its size
[04:08:13]   F=1.412±0.119  d=-0.453 vs tau=0.368  (recall 0.25 track 0.88 compose 0.14 S 1.712)
[04:08:13] round 25 v2_r25_lambda025 [depth]: lighter auxiliary loss: does final-layer quality (COMPOSE, RECALL) recover while S stays above 1.5?
[13:20:51] incumbent v2_r21_lr4e3: F=1.865±0.200 on seeds [0, 1, 2], held-out 1.806; tau=0.200
[13:20:51] round 21 v2_r21_lr4e3: already exists, skipping
[13:20:51] round 22 v2_r22_heads4: already exists, skipping
[13:20:51] round 23 v2_r23_interleave: already exists, skipping
[13:20:51] round 24 v2_r24_overwrite_2slots: already exists, skipping
[13:20:56] round 25 v2_r25_lambda025 [depth]: lighter auxiliary loss: does final-layer quality (COMPOSE, RECALL) recover while S stays above 1.5?
[13:24:35]   F=1.779±0.452  d=-0.085 vs tau=0.200  (recall 0.27 track 0.82 compose 0.36 S 1.670)
[13:24:35] menu done. incumbent v2_r21_lr4e3 F=1.865 held-out 1.806
MENUDONE
[13:24:47] incumbent v2_r21_lr4e3: F=1.865±0.200 on seeds [0, 1, 2], held-out 1.806; tau=0.200
[13:24:47] round 26 v2_r26_lr6e3 [recipe]: lr 4e-3 was the largest move of the search (+0.246 held-out); push once more to find where it turns over
[13:28:09]   F=1.803±0.499  d=-0.062 vs tau=0.200  (recall 0.25 track 0.91 compose 0.38 S 1.753)
[13:28:09] round 27 v2_r27_attn_last [state]: RECALL fell to 0.29 under the new lr, below naive; put the recall layer LAST so lookup runs on fully mixed features
[13:31:33]   F=1.921±0.304  d=+0.056 vs tau=0.200  (recall 0.28 track 0.90 compose 0.40 S 1.730)
[13:31:33] round 28 v2_r28_loop_at_lr4e3 [time]: every loop lost under lr 2e-3, the recipe that was also starving dense blocks; fair retest of one overwrite loop under the recipe that fixed them
[13:37:20]   F=1.394±0.042  d=-0.471 vs tau=0.200  (recall 0.25 track 0.89 compose 0.13 S 1.685)
[13:37:20] round 29 v2_r29_lambda075 [depth]: r25 tests lighter aux loss; this is the other direction on the new incumbent
[13:40:46]   F=2.029±0.319  d=+0.165 vs tau=0.200  (recall 0.29 track 0.91 compose 0.49 S 1.744)
[13:40:46] round 30 v2_r30_attn_last_heads4 [state]: combination: recall layer last with 4 heads, the two recall-targeted moves together
[13:44:13]   F=1.928±0.330  d=+0.064 vs tau=0.200  (recall 0.29 track 0.87 compose 0.42 S 1.727)
[13:44:13] menu done. incumbent v2_r21_lr4e3 F=1.865 held-out 1.806
MENUDONE
BATCHBDONE
[13:44:24] incumbent v2_r21_lr4e3: F=1.865±0.200 on seeds [0, 1, 2], held-out 1.806; tau=0.200
[13:44:24] round 31 v2_r31_lr3e3 [recipe]: RECALL preferred lr 2e-3 (0.36) and TRACK/COMPOSE prefer 4e-3; 3e-3 as the compromise the mix may want
[13:47:39]   F=1.840±0.311  d=-0.024 vs tau=0.200  (recall 0.30 track 0.81 compose 0.37 S 1.707)
[13:47:40] round 32 v2_r32_slots_only [time]: CONTROL: thought slots inserted, zero extra loops. Five loop configs lost and every one also changed the sequence layout; if this loses too, the loss was layout, not looping
[13:51:17]   F=1.328±0.035  d=-0.537 vs tau=0.200  (recall 0.23 track 0.88 compose 0.11 S 1.646)
[13:51:17] round 33 v2_r33_exits_12 [depth]: auxiliary loss on the two shallowest exits only, where the speedup comes from; spares layer 3
[13:55:08]   F=1.927±0.416  d=+0.062 vs tau=0.200  (recall 0.28 track 0.87 compose 0.44 S 1.748)
[13:55:08] round 34 v2_r34_attn_ends [state]: two recall layers at the ends with mixing between; r23 interleaved lost, r27 attn-last was the best state move of B
[13:58:07]   F=1.664±0.486  d=-0.201 vs tau=0.200  (recall 0.84 track 0.62 compose 0.10 S 1.527)
[13:58:07] round 35 v2_r35_attn_last_lr3e3 [state+recipe]: combination: B's best state move (attn last, +0.056) with the compromise lr
[14:01:34]   F=1.768±0.260  d=-0.096 vs tau=0.200  (recall 0.31 track 0.83 compose 0.32 S 1.720)
[14:01:34] menu done. incumbent v2_r21_lr4e3 F=1.865 held-out 1.806
MENUDONE
BATCHCDONE
[14:02:06] incumbent v2_r21_lr4e3: F=1.865±0.200 on seeds [0, 1, 2], held-out 1.806; tau=0.200
[14:02:06] round 36 v2_r36_skip_control [time]: CONTROL for the control: slots inserted, no loops, recurrent state HELD across them. If this matches the incumbent, the skip removes the layout penalty and the loop tests below are fair
[14:06:18]   F=1.950±0.195  d=+0.086 vs tau=0.200  (recall 0.30 track 0.89 compose 0.40 S 1.725)
[14:06:18] round 37 v2_r37_skip_overwrite [time]: first FAIR loop test: one overwrite loop with placeholder positions held
[14:12:37]   F=1.369±0.078  d=-0.496 vs tau=0.200  (recall 0.24 track 0.87 compose 0.13 S 1.720)
[14:12:37] round 38 v2_r38_skip_append [time]: Cor 4.5 matched pair, finally fair: one append loop with placeholder positions held, same compute class as r37
[14:19:24]   F=1.387±0.146  d=-0.477 vs tau=0.200  (recall 0.24 track 0.87 compose 0.14 S 1.723)
[14:19:24] round 39 v2_r39_lambda075_attn_last [state+depth]: B's two near-misses combined: lambda 0.75 (+0.165) and attention last (+0.056)
[14:23:00]   F=1.992±0.227  d=+0.127 vs tau=0.200  (recall 0.28 track 0.91 compose 0.44 S 1.758)
[14:23:00] round 40 v2_r40_lambda075_attn_last_h4 [state+depth]: the same with 4 heads (r30, +0.064): all three near-misses together
[14:26:30]   F=2.051±0.189  d=+0.187 vs tau=0.200  (recall 0.31 track 0.92 compose 0.47 S 1.748)
[14:26:30] menu done. incumbent v2_r21_lr4e3 F=1.865 held-out 1.806
MENUDONE
BATCHDDONE
R41DONE
