checkpoint: exp5_model.pt
model: L=6 d=128 V=2048 params=1.71M  u=0.153
||W_U||-diameter bound D_U <= 2.13, ||g||_inf=1.39

A. EXACTNESS (Theorem 3.1) -- speculative sampling must return p_L exactly
 layer  TV(spec,p_L)  TV(direct,p_L)   ratio  alpha_pred  alpha_obs
     1       0.01878         0.01877   1.001      0.5164     0.5166
     3       0.01926         0.01874   1.028      0.6598     0.6604
     5       0.01900         0.01879   1.011      0.8368     0.8371
  ratio ~ 1.0 => indistinguishable from direct sampling, i.e. exact.
  alpha_obs should match alpha_pred = 1 - TV(p_l, p_L).

B. ACCEPTANCE PROFILE (Theorem 3.7)
  l   rho   alpha   top1      T_l   spread  bound_sp    e^-spr  CS slack
  1  0.17  0.4194  0.130    19.38     8.48      30.7  2.08e-04      3.6x
  2  0.33  0.5732  0.573    16.34     6.29      24.7  1.86e-03      3.9x
  3  0.50  0.6657  0.708    13.58     5.16      19.7  5.72e-03      3.8x
  4  0.67  0.7553  0.812    10.71     3.82      14.9  2.20e-02      3.9x
  5  0.83  0.8515  0.849     6.93     2.31       9.4  9.89e-02      4.0x
  6  1.00  1.0000  1.000     0.00     0.00       0.0  1.00e+00      0.0x
  'e^-spr' is the bound fed the MEASURED spread: pure softmax slack.
  'CS slack' is bound_spread/spread: what the D_U step alone gives away.

C. YIELD (Prop 3.11) -- real decoding, layer 1, gamma=4, 200 rounds
  measured E[Y]          = 1.355
  identity 1 + sum P(A_j) = 1.355   (CIRCULAR: same run, bookkeeping check only)
  geometric at alpha_bar  = 1.700   (alpha_bar=0.419)
  P(A_j) = ['0.265', '0.070', '0.015', '0.005']
  independence would give ['0.419', '0.176', '0.074', '0.031']

D. SPEEDUP (Thm 3.16, Cor 3.17) with the CORRECTED cost model
   sanity: at rho=1 drafting IS ordinary decoding, so S must be 1.000
     w=1.0: S(rho=1,gamma=1) = 1.000
     w=0.0: S(rho=1,gamma=1) = 0.929

    regime      u   strategy   best S  layer  gamma
 mem-bound  0.153   no-reuse    1.097      1      1
 mem-bound  0.153      reuse    1.000      6      1
 mem-bound  0.260   no-reuse    1.044      2      1
 mem-bound  0.260      reuse    1.000      6      1
   compute  0.153   no-reuse    0.667      6      1
   compute  0.153      reuse    0.929      6      1
   compute  0.260   no-reuse    0.667      6      1
   compute  0.260      reuse    0.885      6      1

  KILL CRITERION (max S <= 1.0, memory-bound): best S = 1.097 -> survives
  Note: untuned early exit, no early-exit auxiliary loss (Rmk 3.22).

wrote results/exp5es_measured.json
E5ESDONE
